AchievementGap_District_Summary
946
AchievementGap_Math
1933
AchievementGap_Reading
1926
AchievementGap_Statewide_Summary
17
MMS_Results
9077
MMS_Summary
13621
attendanceratesschool
16993
demographics
48966
demographicsteachers
26641
enrollmentbyethnicitycounty
6869
enrollmentbyethnicitygenderschool
133675
enrollmentbyspecialpopulationsschool
132851
enrollmentnonpublic
4338
geolocation
4390
graduates
4762
graduatesstatusendcounts
9442
graduationindicatorsschool
503855
highly_qualified_teacher
658984
licensed_headcount_and_fte_by_assignment
453381
licensed_staff_fte_by_assignmentschool
23753
licensed_staff_fte_by_categoryschool
18955
mcaiiiresultsmath
620413
mcaiiiresultsreading
406895
mcaiiiresultsscience
216982
mcaiiresults
706410
mcaiiresultsmath
34912
mcaiiresultsmathreading
658515
mcaiiresultsscience
106838
mcaresults
387986
nonlicensed_detail
359864
nonlicensed_staffschool
24777
openenrollmentdata
16674
post_secondary
5416
primaryhomelanguage
36459
school_expenditures
33285
schools
2484
staff_assignments
793917
staff_employment
413657
staff_license
715782
studentmobilityschool
15916
t_demographics
48966
t_enrollmentbyethnicitygenderschool
133675
t_expenditures
385528
teacher_fte_by_subjectschool
19489
twincityschools
234
v_achievementgap_district_summary
946
v_achievementgap_math
1933
v_achievementgap_reading
1926
v_achievementgap_statewide_summary
17
v_attendanceratesschool
16993
v_demographicsteachers
26641
v_enrollmentbyethnicitycounty
6869
v_enrollmentbyspecialpopulationsschool
132851
v_enrollmentnonpublic
4338
v_expenditures
385528
v_geolocation
4390
v_graduates
4762
v_graduatesstatusendcounts
9442
v_graduationindicatorsschool
503855
v_highly_qualified_teacher
658984
v_licensed_headcount_and_fte_by_assignment
453381
v_licensed_staff_fte_by_assignmentschool
23753
v_licensed_staff_fte_by_categoryschool
18955
v_mcaiiiresultsmath
620413
v_mcaiiiresultsreading
406895
v_mcaiiiresultsscience
216982
v_mcaiiresults
706410
v_mcaiiresultsmath
34912
v_mcaiiresultsmathreading
658515
v_mcaiiresultsscience
106838
v_mcaresults
387986
v_mms_results
9077
v_mms_summary
13621
v_nonlicensed_detail
359864
v_nonlicensed_staffschool
24777
v_openenrollmentdata
16674
v_post_secondary
5416
v_primaryhomelanguage
36459
v_staff_assignments
793917
v_staff_employment
413657
v_staff_license
715782
v_studentmobilityschool
15916
v_teacher_fte_by_subjectschool
19489
v_twincityschools
234
