199798_demographicsteachers
2453
199798enrollmentbyspecialpopulationbyschoolfps9798
2012
199899enrollmentbyspecialpopulationbyschoolfps9899
2067
19992000enrollmentbyspecialpopulationbyschoolfps9900
2077
200102enrollmentbyspecialpopulationbyschool200102enrollmentbyspe
2119
2001mcaresultsnonpublic
400
2001mcaresultspublic
60587
200203enrollmentbyspecialpopulationbyschoolfps0203
2182
200203graduationindicatorsschool
43065
2002mcaresultsnonpublic
336
2002mcaresultspublic
61042
200304enrollmentbyspecialpopulationbyschool200304enrollmentbyspe
2188
200304graduationindicatorsschool
35640
2003mcaresultsnonpublic
297
2003mcaresultspublic
62247
200405enrollmentbyspecialpopulationbyschool200405enrollmentbyspe
2214
200405graduationindicatorsschool
36135
2004mcaresultsnonpublic
380
2004mcaresultspublic
100208
200506enrollmentbygenderethnicityschool
13483
200506enrollmentbyspecialpopulationbyschool200506enrollmentbyspe
2240
200506enrollmentbyspecialpopulationsschool
13483
200506graduationindicatorsschool
37290
2005mcaresultsnonpublic
341
2005mcaresultspublic
102148
200607_demographicsadministrators
2416
200607_demographicsother_noninstructionalschool
2560
200607_demographicsteachers
2972
200607_highly_qualified_teacher
73446
200607_licensed_staff_fte_by_assignmentschool
2665
200607_nonlicensed_staffschool
2749
200607attendanceratesrpt_attendance_2006_2007_school
2422
200607enrollmentbygenderethnicityschool
13501
200607enrollmentbyspecialpopulationbyschool200607enrollmentbyspe
2244
200607enrollmentbyspecialpopulationschool
13501
200607enrollmentnonpublicnps0607
486
200607graduatesstatusendcounts
1160
200607graduationindicatorsschool
37290
200607licensedstaffftebyassignment
2665
200607primaryhomelanguage
3484
200607studentmobilityschool
2021
2006mcaiiresultsnonpublic
543
2006mcaiiresultspublic
155621
200708_demographicsadministrators
2432
200708_demographicsother_noninstructionalschool
2574
200708_demographicsteachers
2989
200708_highly_qualified_teacher
73081
200708_licensed_headcount_and_fte_by_assignment
57251
200708_licensed_staff_fte_by_assignmentschool
2673
200708_licensed_staff_fte_by_categoryschool
3198
200708_nonlicensed_staffschool
2768
200708_teacher_fte_by_subjectschool
2470
200708attendanceratesschool
2442
200708enrollmentbygenderethnicityschool
13553
200708enrollmentbyspecialpopulationbyschool200708enrollmentbyspe
2257
200708enrollmentbyspecialpopulationsschool
13553
200708enrollmentnonpublic20072008enrnonpublic
523
200708graduatesstatusendcounts
1168
200708graduationindicatorsschool
37345
200708primaryhomelanguage
3515
200708studentmobilityschool
2029
2007mcaiiresultsnonpublic
1000
2007mcaiiresultspublic
261985
200809_demographicsadministrators
2517
200809_demographicsteachers
2989
200809_highly_qualified_teacher
73545
200809_licensed_headcount_and_fte_by_assignment
57445
200809_licensed_staff_fte_by_assignmentschool
2659
200809_licensed_staff_fte_by_categoryschool
2658
200809_nonlicensed_staffschool
2767
200809_teacher_fte_by_subjectschool
2445
200809attendanceratesschool
2425
200809enrollmentbygenderethnicityschool
13475
200809enrollmentbyspecialpopulationsschool
13475
200809enrollmentnonpublic20082009enrnonpublic
502
200809graduatesstatusendcounts
1173
200809graduationindicatorsschool
45980
200809primaryhomelanguage
3606
200809studentmobilityschool
2043
2008mcaiiresultsnonpublic
1442
2008mcaiiresultsnonpublicscience
44
2008mcaiiresultspublic
285869
2008mcaiiresultspublicscience
2183
200910_demographicsadministrators
2487
200910_demographicsother_noninstructionalschool
2585
200910_demographicsteachers
2989
200910_highly_qualified_teacher
74547
200910_licensed_headcount_and_fte_by_assignment
57290
200910_licensed_staff_fte_by_assignmentschool
2640
200910_licensed_staff_fte_by_categoryschool
2639
200910_nonlicensed_detail
61594
200910_nonlicensed_staffschool
2768
200910_staff_assignments
148594
200910_staff_employment
68012
200910_staff_license
130281
200910_teacher_fte_by_subjectschool
2429
200910attendanceratesschool
2417
200910enrollmentbygenderethnicityschool
13408
200910enrollmentbyspecialpopulationsschool
13408
200910enrollmentnonpublicnpenr0910final
493
200910graduates
1188
200910graduatesstatusendcounts
1188
200910graduationindicatorsschool
46805
200910openenrollment0910
3104
200910primaryhomelanguage
3647
200910studentmobilityschool
1981
2009mcaiiresultsnonpublicmathreading
407
2009mcaiiresultsnonpublicscience
26
2009mcaiiresultspublicmathreading
241946
2009mcaiiresultspublicscience
2210
201011_demographicsadministrators
2495
201011_demographicsother_noninstructionalschool
2574
201011_demographicsteachers
2989
201011_highly_qualified_teacher
74095
201011_licensed_headcount_and_fte_by_assignment
57020
201011_licensed_staff_fte_by_assignmentschool
2673
201011_licensed_staff_fte_by_categoryschool
2617
201011_nonlicensed_detail
61805
201011_nonlicensed_staffschool
2753
201011_staff_assignments
151043
201011_staff_employment
67706
201011_staff_license
112742
201011_teacher_fte_by_subjectschool
2418
201011attendanceratesschool
2401
201011enrollmentbyethnicitygenderschool
13271
201011enrollmentbyspecialpopulationsschool
13271
201011enrollmentnonpublic
486
201011graduates
1206
201011graduatesstatusendcounts
1206
201011graduationindicatorsschool
46640
201011openenrollment1011
3266
201011primaryhomelanguage
3893
201011studentmobilityschool
1954
2010mcaiiresultsnonpublicmathreading
799
2010mcaiiresultsnonpublicscience
66
2010mcaiiresultspublicmathreading
265248
2010mcaiiresultspublicscience
53397
201112_demographicsadministrators
2495
201112_demographicsother_noninstructionalschool
2574
201112_demographicsteachers
2989
201112_highly_qualified_teacher
72782
201112_licensed_headcount_and_fte_by_assignment
55731
201112_licensed_staff_fte_by_assignmentschool
2673
201112_licensed_staff_fte_by_categoryschool
2602
201112_nonlicensed_detail
62047
201112_nonlicensed_staffschool
2734
201112_staff_assignments
153549
201112_staff_employment
67745
201112_staff_license
126598
201112_teacher_fte_by_subjectschool
2418
201112attendanceratesschool
2409
201112enrollmentbyethnicitygenderschool
13243
201112enrollmentbyspecialpopulationsschool
13271
201112enrollmentnonpublic
475
201112graduates
1187
201112graduatesstatusendcounts
1187
201112graduationindicatorsschool
45430
201112openenrollment
3329
201112primaryhomelanguage
4292
201112studentmobilityschool
1949
2011mcaiiiresultsnonpublicmath
380
2011mcaiiiresultspublicmath
114801
2011mcaiiresultsnonpublicmathreading
429
2011mcaiiresultsnonpublicscience
66
2011mcaiiresultspublicmathreading
149686
2011mcaiiresultspublicscience
53309
201213_demographicsadministrators
2502
201213_demographicsother_noninstructionalschool
2579
201213_demographicsteachers
2989
201213_highly_qualified_teacher
72630
201213_licensed_headcount_and_fte_by_assignment
55952
201213_licensed_staff_fte_by_assignmentschool
2673
201213_licensed_staff_fte_by_categoryschool
2615
201213_nonlicensed_detail
63118
201213_nonlicensed_staffschool
2737
201213_staff_assignments
154147
201213_staff_employment
68879
201213_staff_license
127593
201213_teacher_fte_by_subjectschool
2418
201213attendanceratesschool
2447
201213enrollmentbyethnicitygenderschool
13177
201213enrollmentbyspecialpopulationsschool
13177
201213graduates
1181
201213graduatesstatusendcounts
1181
201213graduationindicatorsschool
45980
201213openenrollment
3491
201213primaryhomelanguage
4536
201213studentmobilityschool
1966
201214enrollmentnonpublicenrollment_nonpublic
459
2012mcaiiiresultsnonpublicmath
303
2012mcaiiiresultsnonpublicscience
70
2012mcaiiiresultspublicmath
115638
2012mcaiiiresultspublicscience
53469
2012mcaiiresultsnonpublicmath
19
2012mcaiiresultsnonpublicreading
323
2012mcaiiresultspublicmath
17466
2012mcaiiresultspublicreading
133387
201314_demographicsadministrators
2507
201314_demographicsother_noninstructionalschool
2587
201314_demographicsteachers
2989
201314_highly_qualified_teacher
72204
201314_licensed_headcount_and_fte_by_assignment
56087
201314_licensed_staff_fte_by_assignmentschool
2673
201314_licensed_staff_fte_by_categoryschool
2626
201314_nonlicensed_detail
63753
201314_nonlicensed_staffschool
2734
201314_staff_assignments
157840
201314_staff_employment
69771
201314_staff_license
109886
201314_teacher_fte_by_subjectschool
2439
201314attendanceratesschool
2452
201314enrollmentbyethnicitygenderschool
13207
201314enrollmentbyspecialpopulationsschool
13207
201314enrollmentnonpublicenrollment_nonpublic
462
201314graduatesstatusendcounts
1182
201314graduationindicatorsschool
46255
201314openenrollment
3484
201314primaryhomelanguage
4691
201314studentmobilityschool
1973
2013mcaiiiresultsnonpublicmath
271
2013mcaiiiresultsnonpublicreading
292
2013mcaiiiresultsnonpublicscience
63
2013mcaiiiresultspublicmath
116538
2013mcaiiiresultspublicreading
134045
2013mcaiiiresultspublicscience
53555
2013mcaiiresultsnonpublicmath
19
2013mcaiiresultspublicmath
17408
201415_demographicsadministrators
2507
201415_demographicsother_noninstructionalschool
2624
201415_demographicsteachers
3010
201415_highly_qualified_teacher
72654
201415_licensed_headcount_and_fte_by_assignment
56605
201415_licensed_staff_fte_by_assignmentschool
2651
201415_licensed_staff_fte_by_categoryschool
2650
201415_nonlicensed_detail
65243
201415_nonlicensed_staffschool
2767
201415_staff_assignments
160638
201415_staff_employment
71544
201415_staff_license
108688
201415_teacher_fte_by_subjectschool
2487
201415enrollmentbyethnicitygenderschool
13357
201415enrollmentbyspecialpopulationsschool
13356
201415enrollmentnonpublic
452
201415enrollmentnonpublicenrollment_nonpublic
452
201415primaryhomelanguage
4795
2014mcaiiiresultsnonpublicmath
335
2014mcaiiiresultsnonpublicreading
339
2014mcaiiiresultsnonpublicscience
68
2014mcaiiiresultspublicmath
133737
2014mcaiiiresultspublicreading
134014
2014mcaiiiresultspublicscience
53784
2015mcaiiiresultsnonpublicmath
348
2015mcaiiiresultsnonpublicreading
349
2015mcaiiiresultsnonpublicscience
76
2015mcaiiiresultspublicmath
138062
2015mcaiiiresultspublicreading
137856
2015mcaiiiresultspublicscience
55897
AchievementGap_District_Summary
946
AchievementGap_Math
1933
AchievementGap_Reading
1926
AchievementGap_Statewide_Summary
17
MMS2012_Results
2251
MMS2012_Summary
2251
MMS2013_Results
2273
MMS2013_Summary
2273
MMS2014_Results
2271
MMS2014_Summary
6815
MMS2015_Results
2282
MMS2015_Summary
2282
expenditures
385528
geolocation
4390
post_secondary_stg
5416
twincityschools
234
