0001_to_0304_teacher_average_salarydistrict00_01_to_03_04_teach_
1799
199798_licensed_staff_fte_by_assignmentdistrict
417
199798enrollmentbygenderethnicitybydistrict
417
199899_licensed_staff_fte_by_assignmentdistrict
427
199899enrollmentbygenderethnicitybydistrictgegd9899
5204
19992000_licensed_staff_fte_by_assignmentdistrict
439
19992000enrollmentbygenderethnicitybydistrictgegd9900
5298
200001_licensed_staff_fte_by_assignmentdistrict
451
200001enrollmentbygenderethnicitybydistrictgegd0001
5348
200102_licensed_staff_fte_by_assignmentdistrict
452
200102enrollmentbygenderethnicitybydistrict200102enrollmentbygen
5381
200203_licensed_staff_fte_by_assignmentdistrict
466
200203enrollmentbygenderethnicitybydistrict2003districtallgrades
450
200203enrollmentbygenderethnicitybydistrict2003enrolldistrictbyg
5416
200203graduationindicatorsdistrict
21670
200304_licensed_staff_fte_by_assignmentdistrict
476
200304enrollmentbygenderethnicitybydistrict2004districtallgrades
465
200304enrollmentbygenderethnicitybydistrict2004enrolldistrictbyg
5491
200304graduationindicatorsdistrict
21725
200405_licensed_staff_fte_by_assignmentdistrict
493
200405enrollmentbygenderethnicitybydistrict2005districtallgrades
483
200405enrollmentbygenderethnicitybydistrict2005enrolldistrictbyg
5587
200405graduationindicatorsdistrict
21945
200506_licensed_staff_fte_by_assignmentdistrict
511
200506enrollmentbygenderethnicitybydistrict2006districtallgrades
503
200506enrollmentbygenderethnicitybydistrict200enrolldistrictbygr
5729
200506enrollmentbygenderethnicitydistrict
6232
200506enrollmentbyspecialpopulationsdistrict
6232
200506graduationindicatorsdistrict
22550
200607_licensed_average_salary_by_district
697
200607_licensed_headcount_and_fte_by_assignment_codedistrict
31914
200607_licensed_headcount_and_fte_by_assignment_coderegion
3724
200607_licensed_staff_fte_by_assignmentdistrict
517
200607_teacher_fte_by_subjectdistrict
511
200607adjustedaveragedailymembershipbydistrictandgrade
473
200607enrollmentbygenderethnicitydistrict
6286
200607enrollmentbyspecialpopulationdistrict
6286
200607graduationindicatorsdistrict
22605
200607studentmobilitydistrict
474
200708_licensed_average_salary_by_district
697
200708_licensed_headcount_and_fte_by_assignment_codedistrict
32042
200708_licensed_headcount_and_fte_by_assignment_coderegion
3721
200708_licensed_staff_fte_by_assignmentdistrict
527
200708_teacher_fte_by_subjectdistrict
520
200708adjustedaveragedailymembershipbydistrictandgrade200708
486
200708attendanceratesdistrict
514
200708enrollmentbygenderethnicitydistrict
6369
200708enrollmentbyspecialpopulationsdistrict
6369
200708graduationindicatorsdistrict
22770
200708primaryhomelanguagetotalshplbydistrict07_08fallenr
3518
200708studentmobilitydistrict
486
200809__teacher_fte_by_subjectdistrict
531
200809_licensed_average_salary_by_district
697
200809_licensed_headcount_and_fte_by_assignment_codedistrict
32247
200809_licensed_headcount_and_fte_by_assignment_coderegion
3677
200809_licensed_staff_fte_by_assignmentdistrict
537
200809adjustedaveragedailymembershipbydistrictandgrade200809
495
200809attendanceratesdistrict
525
200809enrollmentbygenderethnicitydistrict
6440
200809enrollmentbyspecialpopulationsdistrict
6440
200809graduationindicatorsdistrict
23210
200809primaryhomelanguagetotalshplbydistrict08_09fallenr
3609
200809studentmobilitydistrict
495
200910_licensed_average_salary_by_district
796
200910_licensed_headcount_and_fte_by_assignment_codedistrict
32127
200910_licensed_headcount_and_fte_by_assignment_coderegion
3636
200910_licensed_staff_fte_by_assignmentdistrict
535
200910_teacher_fte_by_subjectdistrict
529
200910adjustedaveragedailymembershipbydistrictandgrade
493
200910attendanceratesdistrict
524
200910enrollmentbygenderethnicitydistrict
6464
200910enrollmentbyspecialpopulationsdistrict
6464
200910graduationindicatorsdistrict
23320
200910studentmobilitydistrict
494
201011_licensed_average_salary_by_district
1349
201011_licensed_headcount_and_fte_by_assignment_codedistrict
32178
201011_licensed_headcount_and_fte_by_assignment_coderegion
3604
201011_licensed_staff_fte_by_assignmentdistrict
535
201011_teacher_fte_by_subjectdistrict
525
201011adjustedaveragedailymembershipbydistrictandgrade
486
201011attendanceratesdistrict
519
201011enrollmentbyethnicitygenderdistrict
6480
201011enrollmentbyspecialpopulationsdistrict
6480
201011graduationindicatorsdistrict
23375
201011studentmobilitydistrict
489
201112_licensed_average_salary_by_district
812
201112_licensed_headcount_and_fte_by_assignment_codedistrict
31768
201112_licensed_headcount_and_fte_by_assignment_coderegion
3603
201112_licensed_staff_fte_by_assignmentdistrict
535
201112_teacher_fte_by_subjectdistrict
525
201112adjustedaveragedailymembershipbydistrictandgrade
486
201112attendanceratesdistrict
518
201112enrollmentbyethnicitygenderdistrict
6496
201112enrollmentbyspecialpopulationsdistrict
6496
201112graduationindicatorsdistrict
23155
201112studentmobilitydistrict
488
201213_licensed_average_salary_by_district
935
201213_licensed_headcount_and_fte_by_assignment_codedistrict
31750
201213_licensed_headcount_and_fte_by_assignment_coderegion
3601
201213_licensed_staff_fte_by_assignmentdistrict
535
201213_teacher_fte_by_subjectdistrict
525
201213adjustedaveragedailymembershipbydistrictandgrade
485
201213attendanceratesdistrict
517
201213enrollmentbyethnicitygenderdistrict
6499
201213enrollmentbyspecialpopulationsdistrict
6499
201213graduationindicatorsdistrict
23100
201213studentmobilitydistrict
487
201314_licensed_average_salary_by_district
942
201314_licensed_headcount_and_fte_by_assignment_codedistrict
31755
201314_licensed_headcount_and_fte_by_assignment_coderegion
3610
201314_licensed_staff_fte_by_assignmentdistrict
535
201314_teacher_fte_by_subjectdistrict
525
201314adjustedaveragedailymembershipbydistrictandgrade
484
201314attendanceratesdistrict
513
201314enrollmentbyethnicitygenderdistrict
6469
201314enrollmentbyspecialpopulationsdistrict
6469
201314graduationindicatorsdistrict
22825
201314studentmobilitydistrict
484
201415_licensed_average_salary_by_district1415licensedaveragesal
1076
201415_licensed_headcount_and_fte_by_assignment_codedistrict
32061
201415_licensed_headcount_and_fte_by_assignment_coderegion
3613
201415_licensed_staff_fte_by_assignmentdistrict
528
201415_teacher_fte_by_subjectdistrict
524
201415enrollmentbyethnicitygenderdistrict
6540
201415enrollmentbyspecialpopulationsdistrict
6539
