200203graduationindicatorscounty
4785
200203graduationindicatorsstate
55
200304graduationindicatorscounty
4785
200304graduationindicatorsstate
55
200405graduationindicatorscounty
4785
200405graduationindicatorsstate
55
200506enrollmentbygenderethnicitycounty
1385
200506enrollmentbygenderethnicitystate
15
200506enrollmentbyspecialpopulationscounty
95
200506enrollmentbyspecialpopulationsstate
15
200506graduationindicatorscounty
4785
200506graduationindicatorsstate
55
200607_licensed_headcount_and_fte_by_assignment_codestate
486
200607enrollmentbygenderethnicitycounty
1358
200607enrollmentbygenderethnicitystate
15
200607enrollmentbyspecialpopulationcounty
1358
200607enrollmentbyspecialpopulationstate
15
200607graduationindicatorscounty
4785
200607graduationindicatorsstate
55
200708_licensed_headcount_and_fte_by_assignment_codestate
485
200708enrollmentbygenderethnicitycounty
1378
200708enrollmentbygenderethnicitystate
15
200708enrollmentbyspecialpopulationscounty
1378
200708enrollmentbyspecialpopulationsstate
16
200708graduationindicatorscounty
4785
200708graduationindicatorsstate
55
200809_licensed_headcount_and_fte_by_assignment_codestate
497
200809enrollmentbygenderethnicitycounty
1386
200809enrollmentbygenderethnicitystate
15
200809enrollmentbyspecialpopulationscounty
1386
200809enrollmentbyspecialpopulationsstate
15
200809graduationindicatorscounty
4785
200809graduationindicatorsstate
55
200910_licensed_headcount_and_fte_by_assignment_codestate
474
200910enrollmentbygenderethnicitycounty
1359
200910enrollmentbygenderethnicitystate
16
200910enrollmentbyspecialpopulationscounty
1359
200910enrollmentbyspecialpopulationsstate
16
200910graduationindicatorscounty
4785
200910graduationindicatorsstate
55
201011_licensed_headcount_and_fte_by_assignment_codestate
473
201011enrollmentbyethnicitygendercounty
1358
201011enrollmentbyethnicitygenderstate
15
201011enrollmentbyspecialpopulationscounty
1358
201011enrollmentbyspecialpopulationsstate
15
201011graduationindicatorscounty
4785
201011graduationindicatorsstate
55
201112_licensed_headcount_and_fte_by_assignment_codestate
467
201112enrollmentbyethnicitygendercounty
1375
201112enrollmentbyethnicitygenderstate
15
201112enrollmentbyspecialpopulationscounty
1375
201112enrollmentbyspecialpopulationsstate
15
201112graduationindicatorscounty
4785
201112graduationindicatorsstate
55
201213_licensed_headcount_and_fte_by_assignment_codestate
466
201213enrollmentbyethnicitygendercounty
1350
201213enrollmentbyethnicitygenderstate
15
201213enrollmentbyspecialpopulationscounty
1350
201213enrollmentbyspecialpopulationsstate
15
201213graduationindicatorscounty
4785
201213graduationindicatorsstate
55
201314_licensed_headcount_and_fte_by_assignment_codestate
475
201314enrollmentbyethnicitygendercounty
1393
201314enrollmentbyethnicitygenderstate
15
201314enrollmentbyspecialpopulationscounty
1393
201314enrollmentbyspecialpopulationsstate
15
201314graduationindicatorscounty
4784
201314graduationindicatorsstate
885
201415_licensed_headcount_and_fte_by_assignment_codestate
487
201415enrollmentbyethnicitygendercounty
1393
201415enrollmentbyethnicitygenderstate
16
201415enrollmentbyspecialpopulationscounty
1392
201415enrollmentbyspecialpopulationsstate
15
